// Jest Snapshot v1, https://goo.gl/fbAQLP

exports[`Layout component matches snapshot 1`] = `
<DocumentFragment>
  <div
    class="jsx-13839950 Layout__Container"
  >
    <div
      class="jsx-13839950 Layout_Wrapper"
    >
      <div
        class="jsx-13839950 Layout"
      />
    </div>
  </div>
</DocumentFragment>
`;
